[isteflonbannedinuk.wordpress.com/index.html]
[backblue.gif]
[fade.gif]
[index.html]
[isteflonbannedinuk.wordpress.com/feed/index.html]
[isteflonbannedinuk.wordpress.com/comments/feed/index.html]
[isteflonbannedinuk.wordpress.com/xmlrpc0db0.php]
[s2.wp.com/i/webclip.png]
[isteflonbannedinuk.wordpress.com/osd.xml]
[isteflonbannedinuk.wordpress.com/wp-content/uploads/2023/03/teflon-pan-on-cooker001f.jpg]
[0.gravatar.com/js/hovercards/hovercards.min47d9.js]
[s2.wp.com/wp-content/mu-plugins/gravatar-hovercards/wpgrohoe8bd.js]
[isteflonbannedinuk.wordpress.com/GET]
[s2.wp.com/i/logo/wpcom-gray-white.png]
[s0.wp.com/wp-content/mu-plugins/actionbar/actionbarf84d.css]
[s0.wp.com/wp-content/mu-plugins/actionbar/actionbar4dc1.js]
[s1.wp.com/_static/indexd98a.html]
[stats.wp.com/w735b.js]
[isteflonbannedinuk.wordpress.com/wp-content/plugins/ie-sitemode/custom-jumplist.php]
[pixel.wp.com/b0b80.gif]
[isteflonbannedinuk.wordpress.com/index.html]
[isteflonbannedinuk.wordpress.com/wp-content/js/bilmur.min60b2.js]
[s1.wp.com/_static/indexd02a.html]
[s2.wp.com/wp-content/themes/h4/globalf753.css]
[isteflonbannedinuk.wordpress.com/GET.html]
[s0.wp.com/wp-content/mu-plugins/actionbar/actionbarf84d.css]
